Download form: 
				http://git.openembedded.org/openembedded/tree/contrib/angstrom/omap3-mkcard.sh
Reference: 
				http://ghdawn.me/blog/2012/02/install-linux/

该脚本可以自动分区SD卡，运行格式 ./mksdcard.sh 设备路径，如下：

以下为我格式化一个8G U盘的LOG：


root@desktop:/home/muojie/my_source/linux/sdcard/format# ./mksdcard.sh /dev/sdb
1024+0 records in
1024+0 records out
1048576 bytes (1.0 MB) copied, 0.212308 s, 4.9 MB/s
Disk /dev/sdb doesn't contain a valid partition table
DISK SIZE - 7756087296 bytes
CYLINDERS - 942
Checking that no-one is using this disk right now ...
OK

Disk /dev/sdb: 942 cylinders, 255 heads, 63 sectors/track

sfdisk: ERROR: sector 0 does not have an msdos signature
 /dev/sdb: unrecognized partition table type
Old situation:
No partitions found
New situation:
Units = cylinders of 8225280 bytes, blocks of 1024 bytes, counting from 0

   Device Boot Start     End   #cyls    #blocks   Id  System
/dev/sdb1   *      0+      8       9-     72261    c  W95 FAT32 (LBA)
/dev/sdb2          9     941     933    7494322+  83  Linux
/dev/sdb3          0       -       0          0    0  Empty
/dev/sdb4          0       -       0          0    0  Empty
Successfully wrote the new partition table

Re-reading the partition table ...

If you created or changed a DOS partition, /dev/foo7, say, then use dd(1)
to zero the first 512 bytes:  dd if=/dev/zero of=/dev/foo7 bs=512 count=1
(See fdisk(8).)
./mksdcard.sh: 38: kpartx: not found
umount: /dev/sdb1: not mounted
mkfs.vfat 3.0.7 (24 Dec 2009)
umount: /dev/sdb2: not mounted
mke2fs 1.41.11 (14-Mar-2010)
Filesystem label=Angstrom
OS type: Linux
Block size=4096 (log=2)
Fragment size=4096 (log=2)
Stride=0 blocks, Stripe width=0 blocks
468640 inodes, 1873580 blocks
93679 blocks (5.00%) reserved for the super user
First data block=0
Maximum filesystem blocks=1920991232
58 block groups
32768 blocks per group, 32768 fragments per group
8080 inodes per group
Superblock backups stored on blocks: 
	32768, 98304, 163840, 229376, 294912, 819200, 884736, 1605632

Writing inode tables: done                            
Creating journal (32768 blocks):      
done
Writing superblocks and filesystem accounting information: 
done

This filesystem will be automatically checked every 38 mounts or
180 days, whichever comes first.  Use tune2fs -c or -i to override.

